../Core/Src/main.c:99:5:main	8	static
../Core/Src/main.c:190:6:SystemClock_Config	96	static
../Core/Src/main.c:240:13:MX_LPUART1_UART_Init	8	static
../Core/Src/main.c:274:13:MX_GPIO_Init	48	static
../Core/Src/main.c:312:6:HAL_GPIO_EXTI_Callback	24	static
../Core/Src/main.c:337:6:Start_Normal_Task	16	static
../Core/Src/main.c:369:6:Start_High_Task	16	static
../Core/Src/main.c:402:6:Start_Low_Task	16	static
../Core/Src/main.c:425:6:HAL_TIM_PeriodElapsedCallback	16	static
../Core/Src/main.c:442:6:Error_Handler	4	static,ignoring_inline_asm
