08:43:48 **** Incremental Build of configuration Debug for project 17_FreeRTOS_Task_Notifier2 ****
make -j8 all 
arm-none-eabi-gcc "../Core/Src/main.c" -mcpu=cortex-m4 -std=gnu11 -g3 -DDEBUG -DUSE_HAL_DRIVER -DSTM32L4A6xx -c -I../Core/Inc -I../Drivers/STM32L4xx_HAL_Driver/Inc -I../Drivers/STM32L4xx_HAL_Driver/Inc/Legacy -I../Drivers/CMSIS/Device/ST/STM32L4xx/Include -I../Drivers/CMSIS/Include -I../Middlewares/Third_Party/FreeRTOS/Source/include -I../Middlewares/Third_Party/FreeRTOS/Source/CMSIS_RTOS_V2 -I../Middlewares/Third_Party/FreeRTOS/Source/portable/GCC/ARM_CM4F -O0 -ffunction-sections -fdata-sections -Wall -fstack-usage -fcyclomatic-complexity -MMD -MP -MF"Core/Src/main.d" -MT"Core/Src/main.o" --specs=nano.specs -mfpu=fpv4-sp-d16 -mfloat-abi=hard -mthumb -o "Core/Src/main.o"
arm-none-eabi-gcc -o "17_FreeRTOS_Task_Notifier2.elf" @"objects.list"   -mcpu=cortex-m4 -T"/home/dnk121/Shibani/WORKSPACE5/17_FreeRTOS_Task_Notifier2/STM32L4A6ZGTX_FLASH.ld" --specs=nosys.specs -Wl,-Map="17_FreeRTOS_Task_Notifier2.map" -Wl,--gc-sections -static --specs=nano.specs -mfpu=fpv4-sp-d16 -mfloat-abi=hard -mthumb -Wl,--start-group -lc -lm -Wl,--end-group
Finished building target: 17_FreeRTOS_Task_Notifier2.elf
 
arm-none-eabi-size  17_FreeRTOS_Task_Notifier2.elf 
arm-none-eabi-objdump -h -S 17_FreeRTOS_Task_Notifier2.elf  > "17_FreeRTOS_Task_Notifier2.list"
   text	   data	    bss	    dec	    hex	filename
  29348	    108	   8684	  38140	   94fc	17_FreeRTOS_Task_Notifier2.elf
Finished building: default.size.stdout
 
Finished building: 17_FreeRTOS_Task_Notifier2.list
 

08:43:50 Build Finished. 0 errors, 0 warnings. (took 1s.323ms)

