09:37:50 **** Incremental Build of configuration Debug for project 04_FreeRTOS_Task_States ****
make -j8 all 
arm-none-eabi-gcc "../Core/Src/main.c" -mcpu=cortex-m4 -std=gnu11 -g3 -DDEBUG -DUSE_HAL_DRIVER -DSTM32L4A6xx -c -I../Core/Inc -I../Drivers/STM32L4xx_HAL_Driver/Inc -I../Drivers/STM32L4xx_HAL_Driver/Inc/Legacy -I../Middlewares/Third_Party/FreeRTOS/Source/include -I../Middlewares/Third_Party/FreeRTOS/Source/CMSIS_RTOS_V2 -I../Middlewares/Third_Party/FreeRTOS/Source/portable/GCC/ARM_CM4F -I../Drivers/CMSIS/Device/ST/STM32L4xx/Include -I../Drivers/CMSIS/Include -O0 -ffunction-sections -fdata-sections -Wall -fstack-usage -fcyclomatic-complexity -MMD -MP -MF"Core/Src/main.d" -MT"Core/Src/main.o" --specs=nano.specs -mfpu=fpv4-sp-d16 -mfloat-abi=hard -mthumb -o "Core/Src/main.o"
arm-none-eabi-gcc -o "04_FreeRTOS_Task_States.elf" @"objects.list"   -mcpu=cortex-m4 -T"/home/dnk121/Shibani/WORKSPACE5/04_FreeRTOS_Task_States/STM32L4A6ZGTX_FLASH.ld" --specs=nosys.specs -Wl,-Map="04_FreeRTOS_Task_States.map" -Wl,--gc-sections -static --specs=nano.specs -mfpu=fpv4-sp-d16 -mfloat-abi=hard -mthumb -Wl,--start-group -lc -lm -Wl,--end-group
Finished building target: 04_FreeRTOS_Task_States.elf
 
arm-none-eabi-size  04_FreeRTOS_Task_States.elf 
arm-none-eabi-objdump -h -S 04_FreeRTOS_Task_States.elf  > "04_FreeRTOS_Task_States.list"
   text	   data	    bss	    dec	    hex	filename
  32180	    108	   8692	  40980	   a014	04_FreeRTOS_Task_States.elf
Finished building: default.size.stdout
 
Finished building: 04_FreeRTOS_Task_States.list
 
